Copyright 1986-2021 Xilinx, Inc. All Rights Reserved.
-------------------------------------------------------------------------------------------
| Tool Version : Vivado v.2021.1 (win64) Build 3247384 Thu Jun 10 19:36:33 MDT 2021
| Date         : Tue Dec 20 10:50:38 2022
| Host         : plj-pc running 64-bit major release  (build 9200)
| Command      : report_control_sets -verbose -file SERPIENTE_FULL_control_sets_placed.rpt
| Design       : SERPIENTE_FULL
| Device       : xc7a35t
-------------------------------------------------------------------------------------------

Control Set Information

Table of Contents
-----------------
1. Summary
2. Histogram
3. Flip-Flop Distribution
4. Detailed Control Set Information

1. Summary
----------

+----------------------------------------------------------+-------+
|                          Status                          | Count |
+----------------------------------------------------------+-------+
| Total control sets                                       |    20 |
|    Minimum number of control sets                        |    20 |
|    Addition due to synthesis replication                 |     0 |
|    Addition due to physical synthesis replication        |     0 |
| Unused register locations in slices containing registers |    86 |
+----------------------------------------------------------+-------+
* Control sets can be merged at opt_design using control_set_merge or merge_equivalent_drivers
** Run report_qor_suggestions for automated merging and remapping suggestions


2. Histogram
------------

+--------------------+-------+
|       Fanout       | Count |
+--------------------+-------+
| Total control sets |    20 |
| >= 0 to < 4        |     1 |
| >= 4 to < 6        |    10 |
| >= 6 to < 8        |     3 |
| >= 8 to < 10       |     2 |
| >= 10 to < 12      |     3 |
| >= 12 to < 14      |     0 |
| >= 14 to < 16      |     0 |
| >= 16              |     1 |
+--------------------+-------+
* Control sets can be remapped at either synth_design or opt_design


3. Flip-Flop Distribution
-------------------------

+--------------+-----------------------+------------------------+-----------------+--------------+
| Clock Enable | Synchronous Set/Reset | Asynchronous Set/Reset | Total Registers | Total Slices |
+--------------+-----------------------+------------------------+-----------------+--------------+
| No           | No                    | No                     |               2 |            1 |
| No           | No                    | Yes                    |              21 |           13 |
| No           | Yes                   | No                     |               0 |            0 |
| Yes          | No                    | No                     |               0 |            0 |
| Yes          | No                    | Yes                    |             107 |           36 |
| Yes          | Yes                   | No                     |               0 |            0 |
+--------------+-----------------------+------------------------+-----------------+--------------+


4. Detailed Control Set Information
-----------------------------------

+----------------+-------------------------------------------------------+------------------+------------------+----------------+--------------+
|  Clock Signal  |                     Enable Signal                     | Set/Reset Signal | Slice Load Count | Bel Load Count | Bels / Slice |
+----------------+-------------------------------------------------------+------------------+------------------+----------------+--------------+
|  clk_IBUF_BUFG |                                                       |                  |                1 |              2 |         2.00 |
|  clk_IBUF_BUFG | La_serpiente/gestiona/head_y[3]_i_1_n_0               | reset_IBUF       |                3 |              4 |         1.33 |
|  clk_IBUF_BUFG | La_serpiente/gestiona/p_cont_pant                     | reset_IBUF       |                1 |              4 |         4.00 |
|  clk_IBUF_BUFG | La_serpiente/gestiona/E[0]                            | reset_IBUF       |                1 |              4 |         4.00 |
|  clk_IBUF_BUFG | La_serpiente/mov_botones/m_left                       | reset_IBUF       |                2 |              4 |         2.00 |
|  clk_IBUF_BUFG | La_serpiente/display/Contador1/count                  | reset_IBUF       |                1 |              4 |         4.00 |
|  clk_IBUF_BUFG | La_serpiente/display/Contador3/count                  | reset_IBUF       |                1 |              4 |         4.00 |
|  clk_IBUF_BUFG | La_serpiente/display/Contador2/count                  | reset_IBUF       |                1 |              4 |         4.00 |
|  clk_IBUF_BUFG | La_serpiente/display/Divisor_frecuencia/sat2_reg_0[0] | reset_IBUF       |                1 |              4 |         4.00 |
|  clk_IBUF_BUFG | La_serpiente/display/Contador4/count                  | reset_IBUF       |                1 |              4 |         4.00 |
|  clk_IBUF_BUFG | La_serpiente/mov_botones/m_down_s_reg_1[0]            | reset_IBUF       |                1 |              5 |         5.00 |
|  clk_IBUF_BUFG | La_serpiente/gestiona/code_tail[5]_i_1_n_0            | reset_IBUF       |                2 |              6 |         3.00 |
|  clk_IBUF_BUFG | La_serpiente/gestiona/casilla[5]_i_1_n_0              | reset_IBUF       |                2 |              6 |         3.00 |
|  clk_IBUF_BUFG | La_serpiente/gestiona/s_data_out[5]_i_1_n_0           | reset_IBUF       |                3 |              6 |         2.00 |
|  clk_IBUF_BUFG | La_serpiente/gestiona/dir[8]_i_1_n_0                  | reset_IBUF       |                3 |              9 |         3.00 |
|  clk_IBUF_BUFG | La_serpiente/gestiona/s_addr_tab[8]_i_1_n_0           | reset_IBUF       |                3 |              9 |         3.00 |
|  clk_IBUF_BUFG | La_serpiente/gestiona/aleatorio_X_i_1_n_0             | reset_IBUF       |                3 |             10 |         3.33 |
|  clk_IBUF_BUFG | La_serpiente/driver/divisor/E[0]                      | reset_IBUF       |                3 |             10 |         3.33 |
|  clk_IBUF_BUFG | La_serpiente/driver/divisor/cuenta_reg[1]_0[0]        | reset_IBUF       |                4 |             10 |         2.50 |
|  clk_IBUF_BUFG |                                                       | reset_IBUF       |               13 |             21 |         1.62 |
+----------------+-------------------------------------------------------+------------------+------------------+----------------+--------------+


